Error:
$DIR/main.pony:5:14: can't access a private type from another package
    let x: d._Priv = None
             ^
Error:
$DIR/main.pony:10:1: invalid provides type. Can only be interfaces, traits and intersects of those.
class Bad is Other
^
    Info:
    $DIR/main.pony:10:14: invalid type here
    class Bad is Other
                 ^
